uv : tomd.lib.pdf.cleanup Repeating page number at y=726.0
In C:\Users\sabog\AppData\Local\Temp\ps-script-b31368cf-9831-4a3b-9ee3-b0bc835fc906.ps1:87 Zeichen:110
+ ... HONIOENCODING = "utf-8"; uv run python _debug_p3692r4.py 2>&1 | Out-F ...
+                              ~~~~~~~~~~~~~~~~~~~~~~~~~~~~~~~~~~~~
    + CategoryInfo          : NotSpecified: (tomd.lib.pdf.cl...mber at y=726.0:String) [], RemoteException
    + FullyQualifiedErrorId : NativeCommandError
 
tomd.lib.pdf.pipeline Stripping 1 repeating header/footer patterns
tomd.lib.pdf.wording Too few wording candidates (0 < 5), skipping
tomd.lib.shared.date Converted natural date 'March 26, 2026' -> 2026-03-26
tomd.lib.pdf.wg21 Extracted metadata: ['date', 'audience', 'title', 'reply-to'] (consumed blocks [0, 1, 2, 4])
tomd.lib.pdf.structure Body size: 10.1, font ranks: {20.662500381469727: 1, 14.346199989318848: 2, 11.9552001953125: 3}
tomd.lib.pdf.structure Nesting sibling: h4 -> h2 for '1\nIntroduction and Background\nWe begin w'
tomd.lib.pdf.structure Nesting sibling: h4 -> h2 for '2\nOOTA, Semantic Dependencies, and\nReads'
tomd.lib.pdf.structure Nesting sibling: h4 -> h2 for '3\nWhat is an Execution?\nThis section loo'
tomd.lib.pdf.structure Nesting sibling: h4 -> h2 for '5\nHardware Dependencies, Instruction\nOrd'
tomd.lib.pdf.structure Nesting sibling: h4 -> h2 for '7\nIssues and Refinements'
tomd.lib.pdf.structure Nesting sibling: h4 -> h2 for '8\nSummary and Conclusion'
tomd.lib.toc TOC block: 6 entries (5 matched)
tomd.lib.toc Detected TOC: 6 entries detected
tomd.lib.pdf.pipeline Protecting 2 section heading(s) from TOC removal: ['Abstract', 'History']

=== TOC INDICES (6 entries): [0, 1, 2, 3, 4, 5] ===
  TOC[  0]: 'P3692R4: How to Avoid OOTA Without Really Trying'
  TOC[  1]: 'March 26, 2026'
  TOC[  2]: 'Alan Stern (stern@rowland.harvard.edu)'
  TOC[  3]: 'Abstract'
  TOC[  4]: 'Attempts to create memory models that forbid out-of-thin-air'
  TOC[  5]: 'History'

=== FINAL SECTIONS (first 15 of 190) ===
  [  0] HEADING      h=2 pg=0 fs=12.0 conf=HIGH     | 'Abstract' **ABSTRACT**
  [  1] HEADING      h=2 pg=0 fs=12.0 conf=HIGH     | 'History'
  [  2] LIST         h=0 pg=0 fs=10.0 conf=HIGH     | 'ÔÇó P3692R4 updates the C++ working draft to N5032 and'
  [  3] LIST         h=0 pg=0 fs=10.0 conf=HIGH     | 'ÔÇó P3692R3 fixes an ÔÇ£and andÔÇØ typo, updates the proposed'
  [  4] LIST         h=0 pg=0 fs=10.0 conf=HIGH     | 'ÔÇó P3692R2 applies feedback from the 2025 Sophia meeting,'
  [  5] LIST         h=0 pg=0 fs=10.0 conf=HIGH     | 'ÔÇó P3692R1 adds contact information, defines ÔÇ£preserved'
  [  6] LIST         h=0 pg=0 fs=10.1 conf=HIGH     | 'ÔÇó This paper is a condensation of P3064R2 (ÔÇ£How to'
  [  7] HEADING      h=2 pg=0 fs=12.0 conf=MEDIUM   | '1'
  [  8] PARAGRAPH    h=0 pg=0 fs=10.0 conf=HIGH     | '1.1'
  [  9] PARAGRAPH    h=0 pg=0 fs=10.0 conf=HIGH     | 'In broad terms, OOTA occurs when a group of threads load'
  [ 10] PARAGRAPH    h=0 pg=0 fs=10.1 conf=HIGH     | 'Implementations should ensure that no ÔÇ£outof-thin-airÔÇØ'
  [ 11] PARAGRAPH    h=0 pg=0 fs=8.0 conf=HIGH     | '1Java Memory Model Test Case 4 from http://www.cs.umd.edu/~pugh/java/'
  [ 12] PARAGRAPH    h=0 pg=0 fs=9.0 conf=HIGH     | 'T0'
  [ 13] PARAGRAPH    h=0 pg=0 fs=9.0 conf=HIGH     | 'Condition (0:r1=42 Ôêº1:r2=42) sometimes satisfied.'
  [ 14] PARAGRAPH    h=0 pg=0 fs=10.0 conf=HIGH     | 'Listing 1. Simple OOTA'

=== ABSTRACT HEADING AND NEIGHBORS ===
  Abstract heading at [0]: 'Abstract'
  [1] HEADING h=2 pg=0 | 'History'
  [2] LIST h=0 pg=0 | 'ÔÇó P3692R4 updates the C++ working draft to N5032 and'

=== FIRST 20 LINES OF MARKDOWN ===
    0| ---
    1| title: "How to Avoid OOTA Without Really Trying"
    2| document: P3692R4
    3| revision: 4
    4| date: 2026-03-26
    5| audience: CWG, LWG
    6| reply-to:
    7|   - "Alan Stern <stern@rowland.harvard.edu>"
    8|   - "Paul E. McKenney <paulmckrcu@gmail.com>"
    9| ---
   10| 
   11| ## Abstract
   12| 
   13| ## History
   14| 
   15| * P3692R4 updates the C++ working draft to N5032 and
   16| applies feedback from CWG. It also adds a citation to
   17| the NVIDIA PTX prohibition against OOTA.
   18| 
   19| * P3692R3 fixes an ÔÇ£and andÔÇØ typo, updates the proposed
